../Drivers/CMSIS/Include/core_cm4.h:2064:26:ITM_SendChar	16	static,ignoring_inline_asm
../Core/Src/main.c:98:7:IIR	16	static
../Core/Src/main.c:103:6:delta	24	static
../Core/Src/main.c:112:6:HAL_GPIO_EXTI_Callback	24	static
../Core/Src/main.c:153:6:ForceBrakesOn	4	static
../Core/Src/main.c:176:5:main	8	static
../Core/Src/main.c:303:6:SystemClock_Config	88	static
../Core/Src/main.c:349:13:MX_GPIO_Init	40	static
../Core/Src/main.c:413:5:_write	32	static
../Core/Src/main.c:427:6:Error_Handler	4	static,ignoring_inline_asm
