../Drivers/CMSIS/Include/core_cm4.h:2064:26:ITM_SendChar	16	static,ignoring_inline_asm
../Core/Src/main.c:98:7:IIR	16	static
../Core/Src/main.c:103:6:delta	24	static
../Core/Src/main.c:112:6:HAL_GPIO_EXTI_Callback	24	static
../Core/Src/main.c:151:6:ForceBrakesOn	4	static
../Core/Src/main.c:174:5:main	8	static
../Core/Src/main.c:301:6:SystemClock_Config	88	static
../Core/Src/main.c:347:13:MX_GPIO_Init	40	static
../Core/Src/main.c:411:5:_write	32	static
../Core/Src/main.c:425:6:Error_Handler	4	static,ignoring_inline_asm
