22:34:57 **** Incremental Build of configuration Debug for project ABS_Bicycle ****
make -j12 all 
arm-none-eabi-gcc "../Core/Src/main.c" -mcpu=cortex-m4 -std=gnu11 -g3 -DDEBUG -DUSE_HAL_DRIVER -DSTM32F401xC -c -I../Core/Inc -I../Drivers/STM32F4xx_HAL_Driver/Inc -I../Drivers/STM32F4xx_HAL_Driver/Inc/Legacy -I../Drivers/CMSIS/Device/ST/STM32F4xx/Include -I../Drivers/CMSIS/Include -O0 -ffunction-sections -fdata-sections -Wall -fstack-usage -fcyclomatic-complexity -MMD -MP -MF"Core/Src/main.d" -MT"Core/Src/main.o" --specs=nano.specs -mfpu=fpv4-sp-d16 -mfloat-abi=hard -mthumb -o "Core/Src/main.o"
arm-none-eabi-gcc -o "ABS_Bicycle.elf" @"objects.list"   -mcpu=cortex-m4 -T"E:\Senior Design\ECE445-ABS-for-Bicycles-main\workspace_1.15.0\ABS_Bicycle\STM32F401RCTX_FLASH.ld" --specs=nosys.specs -Wl,-Map="ABS_Bicycle.map" -Wl,--gc-sections -static --specs=nano.specs -mfpu=fpv4-sp-d16 -mfloat-abi=hard -mthumb -Wl,--start-group -lc -lm -Wl,--end-group
Finished building target: ABS_Bicycle.elf
 
arm-none-eabi-size  ABS_Bicycle.elf 
arm-none-eabi-objdump -h -S ABS_Bicycle.elf  > "ABS_Bicycle.list"
   text	   data	    bss	    dec	    hex	filename
  10944	     28	   2176	  13148	   335c	ABS_Bicycle.elf
Finished building: default.size.stdout
 
Finished building: ABS_Bicycle.list
 

22:34:58 Build Finished. 0 errors, 0 warnings. (took 709ms)

