20:12:25 **** Incremental Build of configuration Debug for project print ****
make -j12 all 
arm-none-eabi-gcc "../Core/Src/main.c" -mcpu=cortex-m4 -std=gnu11 -g3 -DDEBUG -DUSE_HAL_DRIVER -DSTM32F401xE -c -I../Core/Inc -I../Drivers/STM32F4xx_HAL_Driver/Inc -I../Drivers/STM32F4xx_HAL_Driver/Inc/Legacy -I../Drivers/CMSIS/Device/ST/STM32F4xx/Include -I../Drivers/CMSIS/Include -O0 -ffunction-sections -fdata-sections -Wall -fstack-usage -fcyclomatic-complexity -MMD -MP -MF"Core/Src/main.d" -MT"Core/Src/main.o" --specs=nano.specs -mfpu=fpv4-sp-d16 -mfloat-abi=hard -mthumb -o "Core/Src/main.o"
arm-none-eabi-gcc -o "print.elf" @"objects.list"   -mcpu=cortex-m4 -T"E:\Senior Design\ECE445-ABS-for-Bicycles-main\workspace_1.15.0\print\STM32F401RETX_FLASH.ld" --specs=nosys.specs -Wl,-Map="print.map" -Wl,--gc-sections -static --specs=nano.specs -mfpu=fpv4-sp-d16 -mfloat-abi=hard -mthumb -Wl,--start-group -lc -lm -Wl,--end-group
Finished building target: print.elf
 
arm-none-eabi-size  print.elf 
arm-none-eabi-objdump -h -S print.elf  > "print.list"
   text	   data	    bss	    dec	    hex	filename
  12092	    104	   1984	  14180	   3764	print.elf
Finished building: default.size.stdout
 
Finished building: print.list
 

20:12:25 Build Finished. 0 errors, 0 warnings. (took 739ms)

